// Jest Snapshot v1, https://goo.gl/fbAQLP

exports[`CocktailCard renders cocktail card 1`] = `
<div
  class="card-container"
>
  <div
    class="c-name"
  >
    Mojito
  </div>
  <img
    alt="Mojito"
    class="thumb-image"
    loading="lazy"
  />
  <div
    class="c-category"
  />
</div>
`;
